[00:03:45] [Server thread/INFO]: Villager Villager['Fletcher'/196, uuid='c987d3c6-505e-4657-95ae-f9cb5be60d77', l='ServerLevel[world]', x=2480.69, y=89.00, z=2965.31, cpos=[155, 185], tl=1855875, v=true] died, message: 'Fletcher was slain by Zombie'
[00:16:13] [Server thread/INFO]: mechajuan3 has completed the challenge [Hot Tourist Destinations]
[00:16:20] [Async Chat Thread - #8/INFO]: [Not Secure] <mechajuan3> XD
[00:19:44] [Server thread/INFO]: Villager Villager['Villager'/64, uuid='24639828-268e-4e87-b89b-25b0bbf45999', l='ServerLevel[world]', x=2511.30, y=86.25, z=3009.35, cpos=[156, 188], tl=2203671, v=true] died, message: 'Villager was slain by kanekasotaku'
[00:21:19] [Server thread/INFO]: ThiaguitoOwO2021 lost connection: Disconnected
[00:21:19] [Server thread/INFO]: ThiaguitoOwO2021 left the game
[00:21:46] [User Authenticator #9/INFO]: UUID of player ThiaguitoOwO2021 is af141437-727c-30fc-9a69-1a126a779720
[00:21:48] [Server thread/INFO]: ThiaguitoOwO2021 joined the game
[00:21:48] [Server thread/INFO]: ThiaguitoOwO2021[/127.36.229.155:58019] logged in with entity id 43495 at ([world_the_end]338.05223075312136, 1.0, 31.53157529901594)
[00:28:03] [Server thread/WARN]: ThiaguitoOwO2021 was kicked for floating too long!
[00:28:03] [Server thread/INFO]: ThiaguitoOwO2021 lost connection: Flying is not enabled on this server
[00:28:03] [Server thread/INFO]: ThiaguitoOwO2021 left the game
[00:28:19] [User Authenticator #10/INFO]: UUID of player ThiaguitoOwO2021 is af141437-727c-30fc-9a69-1a126a779720
[00:28:19] [Server thread/INFO]: ThiaguitoOwO2021 joined the game
[00:28:19] [Server thread/INFO]: ThiaguitoOwO2021[/127.36.229.155:52099] logged in with entity id 56405 at ([world]2474.7767285371124, 89.59917603543674, 2984.2170331241396)
[00:32:23] [Server thread/INFO]: ThiaguitoOwO2021 has made the advancement [Enchanter]
[00:35:35] [Server thread/INFO]: mechajuan3 lost connection: Disconnected
[00:35:35] [Server thread/INFO]: mechajuan3 left the game
[00:46:35] [Server thread/WARN]: ThiaguitoOwO2021 moved too quickly! 0.051542077231374606,0.0,-13.779286354600458
[00:49:28] [Server thread/INFO]: ThiaguitoOwO2021 lost connection: Disconnected
[00:49:28] [Server thread/INFO]: ThiaguitoOwO2021 left the game
[00:50:12] [Server thread/INFO]: Villager Villager['Weaponsmith'/66, uuid='3075b733-2c18-4fdd-862f-24d7d23b9e8a', l='ServerLevel[world]', x=2509.64, y=89.00, z=3010.55, cpos=[156, 188], tl=2448504, v=true] died, message: 'Weaponsmith was slain by elguatavo7u7159'
[00:53:50] [Async Chat Thread - #10/INFO]: [Not Secure] <kanekasotaku> Z
[00:58:16] [Server thread/INFO]: elguatavo7u7159 lost connection: Disconnected
[00:58:16] [Server thread/INFO]: elguatavo7u7159 left the game
[00:58:19] [User Authenticator #11/INFO]: UUID of player elguatavo7u7159 is 75b572fc-aa06-364a-9011-97912a77ff25
[00:58:20] [Server thread/INFO]: elguatavo7u7159 joined the game
[00:58:20] [Server thread/INFO]: elguatavo7u7159[/127.163.149.174:59775] logged in with entity id 74246 at ([world]2083.699999988079, 185.0, 1905.699999988079)
[00:58:39] [Server thread/INFO]: elguatavo7u7159 lost connection: Disconnected
[00:58:39] [Server thread/INFO]: elguatavo7u7159 left the game
[00:58:45] [User Authenticator #11/INFO]: UUID of player elguatavo7u7159 is 75b572fc-aa06-364a-9011-97912a77ff25
[00:58:45] [Server thread/INFO]: elguatavo7u7159 joined the game
[00:58:45] [Server thread/INFO]: elguatavo7u7159[/127.163.149.174:39631] logged in with entity id 74345 at ([world]2083.5572558006475, 185.0, 1905.300000011921)
[01:04:43] [Server thread/INFO]: Villager Villager['Librarian'/178, uuid='65a30699-d124-447e-acaa-e31e836f0e24', l='ServerLevel[world]', x=2464.69, y=89.19, z=2981.94, cpos=[154, 186], tl=2408961, v=true] died, message: 'Librarian suffocated in a wall'
[01:04:44] [Server thread/INFO]: Villager Villager['Fletcher'/97, uuid='6b5959e7-e6f5-4b37-a2ef-7e62a1b516f9', l='ServerLevel[world]', x=2465.04, y=89.19, z=2982.74, cpos=[154, 186], tl=2480330, v=true] died, message: 'Fletcher suffocated in a wall'
